I'm sorry, but errors were detected in your script. Please correct the
errors listed below, and try again.


File "game/running_minigame.rpy", line 105: expected statement.
    result = _return
           ^

Ren'Py Version: Ren'Py 7.3.5.606
Thu Aug 06 14:06:14 2020
